Component: ARM Compiler 6.14 Tool: armlink [5db06800]

==============================================================================

Section Cross References

    startup_armcm0.o(STACK) refers (Special) to heapauxi.o(.text) for __use_two_region_memory
    startup_armcm0.o(HEAP) refers (Special) to heapauxi.o(.text) for __use_two_region_memory
    startup_armcm0.o(RESET) refers (Special) to heapauxi.o(.text) for __use_two_region_memory
    startup_armcm0.o(RESET) refers to startup_armcm0.o(STACK) for __initial_sp
    startup_armcm0.o(RESET) refers to startup_armcm0.o(.text) for Reset_Handler
    startup_armcm0.o(.text) refers (Special) to heapauxi.o(.text) for __use_two_region_memory
    startup_armcm0.o(.text) refers to system_armcm0.o(.text.SystemInit) for SystemInit
    startup_armcm0.o(.text) refers to ifelsepif.o(.text) for __main
    system_armcm0.o(.text.SystemCoreClockUpdate) refers to system_armcm0.o(.data.SystemCoreClock) for SystemCoreClock
    system_armcm0.o(.ARM.exidx.text.SystemCoreClockUpdate) refers to system_armcm0.o(.text.SystemCoreClockUpdate) for [Anonymous Symbol]
    system_armcm0.o(.text.SystemInit) refers to system_armcm0.o(.data.SystemCoreClock) for SystemCoreClock
    system_armcm0.o(.ARM.exidx.text.SystemInit) refers to system_armcm0.o(.text.SystemInit) for [Anonymous Symbol]


==============================================================================

Removing Unused input sections from the image.

    Removing startup_armcm0.o(HEAP), (3072 bytes).
    Removing system_armcm0.o(.text), (0 bytes).
    Removing system_armcm0.o(.text.SystemCoreClockUpdate), (16 bytes).
    Removing system_armcm0.o(.ARM.exidx.text.SystemCoreClockUpdate), (8 bytes).
    Removing system_armcm0.o(.ARM.exidx.text.SystemInit), (8 bytes).

5 unused section(s) (total 3104 bytes) removed from the image.

==============================================================================

Image Symbol Table

    Local Symbols

    Symbol Name                              Value     Ov Type        Size  Object(Section)

    ../clib/heapaux.c                        0x00000000   Number         0  heapauxi.o ABSOLUTE
    RTE/Device/ARMCM0/startup_ARMCM0.s       0x00000000   Number         0  startup_armcm0.o ABSOLUTE
    dc.s                                     0x00000000   Number         0  dc.o ABSOLUTE
    ifElsePIF.s                              0x00000000   Number         0  ifelsepif.o ABSOLUTE
    system_ARMCM0.c                          0x00000000   Number         0  system_armcm0.o ABSOLUTE
    RESET                                    0x00000000   Section      192  startup_armcm0.o(RESET)
    .text                                    0x000000c0   Section       40  ifelsepif.o(.text)
    .text                                    0x000000e8   Section       48  startup_armcm0.o(.text)
    .text                                    0x00000118   Section        0  heapauxi.o(.text)
    [Anonymous Symbol]                       0x00000120   Section        0  system_armcm0.o(.text.SystemInit)
    __arm_cp.1_0                             0x00000128   Number         4  system_armcm0.o(.text.SystemInit)
    __arm_cp.1_1                             0x0000012c   Number         4  system_armcm0.o(.text.SystemInit)
    STACK                                    0x20000008   Section     1024  startup_armcm0.o(STACK)

    Global Symbols

    Symbol Name                              Value     Ov Type        Size  Object(Section)

    BuildAttributes$$THM_ISAv3M$S$PE$A:L22$X:L11$S22$IEEE1$IW$~IW$USESV6$~STKCKD$USESV7$~SHL$OTIME$ROPI$EBA8$STANDARDLIB$REQ8$PRES8$EABIv2 0x00000000   Number         0  anon$$obj.o ABSOLUTE
    __Vectors                                0x00000000   Data           4  startup_armcm0.o(RESET)
    __Vectors_End                            0x000000c0   Data           0  startup_armcm0.o(RESET)
    __Vectors_Size                           0x000000c0   Number         0  startup_armcm0.o ABSOLUTE
    __main                                   0x000000c1   Thumb Code     0  ifelsepif.o(.text)
    Reset_Handler                            0x000000e9   Thumb Code     8  startup_armcm0.o(.text)
    HardFault_Handler                        0x000000f1   Thumb Code     2  startup_armcm0.o(.text)
    NMI_Handler                              0x000000f3   Thumb Code     2  startup_armcm0.o(.text)
    SVC_Handler                              0x000000f5   Thumb Code     2  startup_armcm0.o(.text)
    PendSV_Handler                           0x000000f7   Thumb Code     2  startup_armcm0.o(.text)
    SysTick_Handler                          0x000000f9   Thumb Code     2  startup_armcm0.o(.text)
    Interrupt0_Handler                       0x000000fb   Thumb Code     2  startup_armcm0.o(.text)
    Interrupt1_Handler                       0x000000fd   Thumb Code     2  startup_armcm0.o(.text)
    Interrupt2_Handler                       0x000000ff   Thumb Code     2  startup_armcm0.o(.text)
    Interrupt3_Handler                       0x00000101   Thumb Code     2  startup_armcm0.o(.text)
    Interrupt4_Handler                       0x00000103   Thumb Code     2  startup_armcm0.o(.text)
    Interrupt5_Handler                       0x00000105   Thumb Code     2  startup_armcm0.o(.text)
    Interrupt6_Handler                       0x00000107   Thumb Code     2  startup_armcm0.o(.text)
    Interrupt7_Handler                       0x00000109   Thumb Code     2  startup_armcm0.o(.text)
    Interrupt8_Handler                       0x0000010b   Thumb Code     2  startup_armcm0.o(.text)
    Interrupt9_Handler                       0x0000010d   Thumb Code     2  startup_armcm0.o(.text)
    __use_two_region_memory                  0x00000119   Thumb Code     2  heapauxi.o(.text)
    __rt_heap_escrow$2region                 0x0000011b   Thumb Code     2  heapauxi.o(.text)
    __rt_heap_expand$2region                 0x0000011d   Thumb Code     2  heapauxi.o(.text)
    SystemInit                               0x00000121   Thumb Code    16  system_armcm0.o(.text.SystemInit)
    SystemCoreClock                          0x20000000   Data           4  system_armcm0.o(.data.SystemCoreClock)
    __stack_limit                            0x20000008   Data           0  startup_armcm0.o(STACK)
    __initial_sp                             0x20000408   Data           0  startup_armcm0.o(STACK)



==============================================================================

Memory Map of the image

  Image Entry point : 0x000000e9

  Load Region LR_1 (Base: 0x00000000, Size: 0x00000134, Max: 0xffffffff, ABSOLUTE)

    Execution Region ER_RO (Exec base: 0x00000000, Load base: 0x00000000, Size: 0x00000130, Max: 0xffffffff, ABSOLUTE)

    Exec Addr    Load Addr    Size         Type   Attr      Idx    E Section Name        Object

    0x00000000   0x00000000   0x000000c0   Data   RO            8    RESET               startup_armcm0.o
    0x000000c0   0x000000c0   0x00000028   Code   RO            1    .text               ifelsepif.o
    0x000000e8   0x000000e8   0x00000030   Code   RO            9  * .text               startup_armcm0.o
    0x00000118   0x00000118   0x00000006   Code   RO           27    .text               c_p.l(heapauxi.o)
    0x0000011e   0x0000011e   0x00000002   PAD
    0x00000120   0x00000120   0x00000010   Code   RO           16    .text.SystemInit    system_armcm0.o


    Execution Region ER_RW (Exec base: 0x20000000, Load base: 0x00000130, Size: 0x00000004, Max: 0xffffffff, ABSOLUTE)

    Exec Addr    Load Addr    Size         Type   Attr      Idx    E Section Name        Object

    0x20000000   0x00000130   0x00000004   Data   RW           18    .data.SystemCoreClock  system_armcm0.o


    Execution Region ER_ZI (Exec base: 0x20000008, Load base: 0x00000134, Size: 0x00000400, Max: 0xffffffff, ABSOLUTE)

    Exec Addr    Load Addr    Size         Type   Attr      Idx    E Section Name        Object

    0x20000008        -       0x00000400   Zero   RW            6    STACK               startup_armcm0.o


==============================================================================

Image component sizes


      Code (inc. data)   RO Data    RW Data    ZI Data      Debug   Object Name

        40          0          0          0          0        240   ifelsepif.o
        48         10        192          0       1024        976   startup_armcm0.o
        16          8          0          4          0        641   system_armcm0.o

    ----------------------------------------------------------------------
       104         18        192          4       1024       1857   Object Totals
         0          0          0          0          0          0   (incl. Generated)
         0          0          0          0          0          0   (incl. Padding)

    ----------------------------------------------------------------------

      Code (inc. data)   RO Data    RW Data    ZI Data      Debug   Library Member Name

         6          0          0          0          0        136   heapauxi.o

    ----------------------------------------------------------------------
         8          0          0          0          0        136   Library Totals
         2          0          0          0          0          0   (incl. Padding)

    ----------------------------------------------------------------------

      Code (inc. data)   RO Data    RW Data    ZI Data      Debug   Library Name

         6          0          0          0          0        136   c_p.l

    ----------------------------------------------------------------------
         8          0          0          0          0        136   Library Totals

    ----------------------------------------------------------------------

==============================================================================


      Code (inc. data)   RO Data    RW Data    ZI Data      Debug   

       112         18        192          4       1024       1993   Grand Totals
       112         18        192          4       1024       1993   ELF Image Totals
       112         18        192          4          0          0   ROM Totals

==============================================================================

    Total RO  Size (Code + RO Data)                  304 (   0.30kB)
    Total RW  Size (RW Data + ZI Data)              1028 (   1.00kB)
    Total ROM Size (Code + RO Data + RW Data)        308 (   0.30kB)

==============================================================================

